<html>
<body>
<pre>
<h1>礦ision Build Log</h1>
<h2>Tool Versions:</h2>
IDE-Version: μVision V5.36.0.0
Copyright (C) 2021 ARM Ltd and ARM Germany GmbH. All rights reserved.
License Information: 1 1, 1, LIC=JL28G-VQSQW-PCBJ8-3H2K3-82HWC-67LJY
 
Tool Versions:
Toolchain:       MDK-ARM Plus  Version: 5.36.0.0
Toolchain Path:  D:\Keil_v5\ARM\ARMCC\Bin
C Compiler:      Armcc.exe V5.06 update 7 (build 960)
Assembler:       Armasm.exe V5.06 update 7 (build 960)
Linker/Locator:  ArmLink.exe V5.06 update 7 (build 960)
Library Manager: ArmAr.exe V5.06 update 7 (build 960)
Hex Converter:   FromElf.exe V5.06 update 7 (build 960)
CPU DLL:         SARMCM3.DLL V5.36.0.0
Dialog DLL:      DARMSTM.DLL V1.68.0.0
Target DLL:      Segger\JL2CM3.dll V2.99.40.0
Dialog DLL:      TARMSTM.DLL V1.66.0.0
 
<h2>Project:</h2>
D:\baka\Desktop\实验46 T9拼音输入法实验\USER\T9INPUT.uvprojx
Project File Date:  06/10/2022

<h2>Output:</h2>
*** Using Compiler 'V5.06 update 7 (build 960)', folder: 'D:\Keil_v5\ARM\ARMCC\Bin'
Rebuild target 'T9INPUT'
compiling stm32f10x_it.c...
compiling key.c...
compiling spi.c...
compiling led.c...
compiling system_stm32f10x.c...
compiling main.c...
main.c(522): warning:  #550-D: variable "result_num"  was set but never used
  	u8 result_num;
main.c(523): warning:  #550-D: variable "cur_index"  was set but never used
  	u8 cur_index;
main.c(524): warning:  #177-D: variable "key"  was declared but never referenced
  	u8 key;
main.c(526): warning:  #550-D: variable "inputlen"  was set but never used
  	u8 inputlen;		//输入长度	 
main.c(549): warning:  #177-D: label "RESTART"  was declared but never referenced
   RESTART:
main.c: 5 warnings, 0 errors
compiling lcd.c...
compiling w25qxx.c...
compiling myiic.c...
compiling 24cxx.c...
compiling ctiic.c...
compiling ft5206.c...
compiling gt9147.c...
compiling sdio_sdcard.c...
compiling delay.c...
compiling ott2001a.c...
compiling timer.c...
compiling touch.c...
..\HARDWARE\TOUCH\touch.c(24): warning:  #144-D: a value of type "int (*)(void)" cannot be used to initialize an entity of type "void (*)(void)"
  	TP_Adjust,
..\HARDWARE\TOUCH\touch.c(427): warning:  #940-D: missing return statement at end of non-void function "TP_Adjust" 
  }	 
..\HARDWARE\TOUCH\touch.c: 2 warnings, 0 errors
compiling usart.c...
assembling startup_stm32f10x_hd.s...
compiling core_cm3.c...
compiling sys.c...
compiling misc.c...
compiling stm32f10x_fsmc.c...
compiling stm32f10x_gpio.c...
compiling stm32f10x_spi.c...
compiling stm32f10x_rcc.c...
compiling stm32f10x_usart.c...
compiling stm32f10x_tim.c...
compiling stm32f10x_dma.c...
compiling stm32f10x_sdio.c...
compiling malloc.c...
compiling diskio.c...
compiling ff.c...
compiling exfuns.c...
compiling usmart.c...
compiling mycc936.c...
compiling usmart_config.c...
compiling fattester.c...
compiling usmart_str.c...
compiling fontupd.c...
compiling text.c...
compiling pyinput.c...
linking...
Program Size: Code=83038 RO-data=31714 RW-data=3756 ZI-data=1094716  
FromELF: creating hex file...
"..\OBJ\T9INPUT.axf" - 0 Error(s), 7 Warning(s).

<h2>Software Packages used:</h2>

Package Vendor: Keil
                http://www.keil.com/pack/Keil.STM32F1xx_DFP.2.3.0.pack
                Keil.STM32F1xx_DFP.2.3.0
                STMicroelectronics STM32F1 Series Device Support, Drivers and Examples

<h2>Collection of Component include folders:</h2>
  D:\Users\baka\AppData\Local\Arm\Packs\Keil\STM32F1xx_DFP\2.3.0\Device\Include

<h2>Collection of Component Files used:</h2>
Build Time Elapsed:  00:00:09
</pre>
</body>
</html>
