Component: ARM Compiler 5.06 update 7 (build 960) Tool: armlink [4d3601]

==============================================================================

Section Cross References

    main.o(.text) refers to _printf_percent.o(.ARM.Collect$$_printf_percent$$00000000) for _printf_percent
    main.o(.text) refers to _printf_s.o(.ARM.Collect$$_printf_percent$$00000014) for _printf_s
    main.o(.text) refers to _printf_str.o(.text) for _printf_str
    main.o(.text) refers to lcd.o(.text) for LCD_DrawRectangle
    main.o(.text) refers to text.o(.text) for Show_Str_Mid
    main.o(.text) refers to lcd.o(.data) for POINT_COLOR
    main.o(.text) refers to main.o(.data) for kbdysize
    main.o(.text) refers to timer.o(.data) for yue
    main.o(.text) refers to touch.o(.data) for tp_dev
    main.o(.text) refers to lcd.o(.bss) for lcddev
    main.o(.text) refers to pyinput.o(.data) for t9
    main.o(.text) refers to noretval__2printf.o(.text) for __2printf
    main.o(.text) refers to timer.o(.text) for TIM3_Int_Init
    main.o(.text) refers to delay.o(.text) for delay_init
    main.o(.text) refers to misc.o(.text) for NVIC_PriorityGroupConfig
    main.o(.text) refers to usart.o(.text) for uart_init
    main.o(.text) refers to led.o(.text) for LED_Init
    main.o(.text) refers to key.o(.text) for KEY_Init
    main.o(.text) refers to w25qxx.o(.text) for W25QXX_Init
    main.o(.text) refers to malloc.o(.text) for my_mem_init
    main.o(.text) refers to exfuns.o(.text) for exfuns_init
    main.o(.text) refers to ff.o(.text) for f_mount
    main.o(.text) refers to fontupd.o(.text) for font_init
    main.o(.text) refers to usmart_config.o(.data) for usmart_dev
    main.o(.text) refers to exfuns.o(.data) for fs
    main.o(.data) refers to main.o(.conststring) for .conststring
    system_stm32f10x.o(.text) refers to system_stm32f10x.o(.data) for SystemCoreClock
    led.o(.text) refers to stm32f10x_rcc.o(.text) for RCC_APB2PeriphClockCmd
    led.o(.text) refers to stm32f10x_gpio.o(.text) for GPIO_Init
    key.o(.text) refers to stm32f10x_rcc.o(.text) for RCC_APB2PeriphClockCmd
    key.o(.text) refers to stm32f10x_gpio.o(.text) for GPIO_Init
    key.o(.text) refers to delay.o(.text) for delay_ms
    key.o(.text) refers to key.o(.data) for key_up
    lcd.o(.text) refers to _printf_percent.o(.ARM.Collect$$_printf_percent$$00000000) for _printf_percent
    lcd.o(.text) refers to _printf_x.o(.ARM.Collect$$_printf_percent$$0000000C) for _printf_x
    lcd.o(.text) refers to _printf_hex_int.o(.text) for _printf_longlong_hex
    lcd.o(.text) refers to delay.o(.text) for delay_us
    lcd.o(.text) refers to lcd.o(.bss) for lcddev
    lcd.o(.text) refers to lcd.o(.data) for POINT_COLOR
    lcd.o(.text) refers to dflt_clz.o(x$fpl$dfltu) for __aeabi_ui2d
    lcd.o(.text) refers to dmul.o(x$fpl$dmul) for __aeabi_dmul
    lcd.o(.text) refers to dfixu.o(x$fpl$dfixu) for __aeabi_d2uiz
    lcd.o(.text) refers to stm32f10x_rcc.o(.text) for RCC_AHBPeriphClockCmd
    lcd.o(.text) refers to stm32f10x_gpio.o(.text) for GPIO_Init
    lcd.o(.text) refers to stm32f10x_fsmc.o(.text) for FSMC_NORSRAMInit
    lcd.o(.text) refers to noretval__2printf.o(.text) for __2printf
    lcd.o(.text) refers to lcd.o(.constdata) for asc2_1206
    spi.o(.text) refers to stm32f10x_spi.o(.text) for SPI_I2S_GetFlagStatus
    spi.o(.text) refers to stm32f10x_rcc.o(.text) for RCC_APB2PeriphClockCmd
    spi.o(.text) refers to stm32f10x_gpio.o(.text) for GPIO_Init
    w25qxx.o(.text) refers to _printf_percent.o(.ARM.Collect$$_printf_percent$$00000000) for _printf_percent
    w25qxx.o(.text) refers to _printf_x.o(.ARM.Collect$$_printf_percent$$0000000C) for _printf_x
    w25qxx.o(.text) refers to _printf_hex_int.o(.text) for _printf_longlong_hex
    w25qxx.o(.text) refers to spi.o(.text) for SPI2_ReadWriteByte
    w25qxx.o(.text) refers to stm32f10x_rcc.o(.text) for RCC_APB2PeriphClockCmd
    w25qxx.o(.text) refers to stm32f10x_gpio.o(.text) for GPIO_Init
    w25qxx.o(.text) refers to noretval__2printf.o(.text) for __2printf
    w25qxx.o(.text) refers to delay.o(.text) for delay_us
    w25qxx.o(.text) refers to w25qxx.o(.data) for W25QXX_TYPE
    w25qxx.o(.text) refers to w25qxx.o(.bss) for W25QXX_BUFFER
    sdio_sdcard.o(.text) refers to stm32f10x_sdio.o(.text) for SDIO_GetFlagStatus
    sdio_sdcard.o(.text) refers to sdio_sdcard.o(.data) for DeviceMode
    sdio_sdcard.o(.text) refers to sdio_sdcard.o(.bss) for SDIO_CmdInitStructure
    sdio_sdcard.o(.text) refers to stm32f10x_rcc.o(.text) for RCC_APB2PeriphClockCmd
    sdio_sdcard.o(.text) refers to stm32f10x_gpio.o(.text) for GPIO_Init
    sdio_sdcard.o(.text) refers to misc.o(.text) for NVIC_Init
    sdio_sdcard.o(.text) refers to stm32f10x_dma.o(.text) for DMA_DeInit
    sdio_sdcard.o(.text) refers to sys.o(.text) for INTX_DISABLE
    sdio_sdcard.o(.text) refers to rt_memcpy_v6.o(.text) for __aeabi_memcpy
    myiic.o(.text) refers to stm32f10x_rcc.o(.text) for RCC_APB2PeriphClockCmd
[...]
    updata_fontx                             0x0801240b   Thumb Code   346  fontupd.o(.text)
    update_font                              0x08012565   Thumb Code   882  fontupd.o(.text)
    font_init                                0x080128d7   Thumb Code    64  fontupd.o(.text)
    Get_HzMat                                0x08012955   Thumb Code   220  text.o(.text)
    Show_Font                                0x08012a31   Thumb Code   190  text.o(.text)
    Show_Str                                 0x08012aef   Thumb Code   192  text.o(.text)
    Show_Str_Mid                             0x08012baf   Thumb Code   106  text.o(.text)
    str_match                                0x08012c29   Thumb Code    40  pyinput.o(.text)
    get_matched_pymb                         0x08012c51   Thumb Code   124  pyinput.o(.text)
    get_pymb                                 0x08012ccd   Thumb Code    14  pyinput.o(.text)
    test_py                                  0x08012cdb   Thumb Code   138  pyinput.o(.text)
    __use_no_semihosting                     0x08012df5   Thumb Code     2  use_no_semi_2.o(.text)
    __aeabi_ldivmod                          0x08012df7   Thumb Code     0  llsdiv.o(.text)
    _ll_sdiv                                 0x08012df7   Thumb Code    72  llsdiv.o(.text)
    __2printf                                0x08012e41   Thumb Code    20  noretval__2printf.o(.text)
    _printf_pre_padding                      0x08012e59   Thumb Code    44  _printf_pad.o(.text)
    _printf_post_padding                     0x08012e85   Thumb Code    34  _printf_pad.o(.text)
    _printf_str                              0x08012ea7   Thumb Code    82  _printf_str.o(.text)
    _printf_int_dec                          0x08012ef9   Thumb Code   104  _printf_dec.o(.text)
    _printf_int_hex                          0x08012f71   Thumb Code    84  _printf_hex_int.o(.text)
    _printf_longlong_hex                     0x08012f71   Thumb Code     0  _printf_hex_int.o(.text)
    __printf                                 0x08012fc9   Thumb Code   388  __printf_flags_ss_wp.o(.text)
    strcpy                                   0x08013151   Thumb Code    72  strcpy.o(.text)
    strlen                                   0x08013199   Thumb Code    62  strlen.o(.text)
    strcat                                   0x080131d7   Thumb Code    24  strcat.o(.text)
    __aeabi_memcpy                           0x080131ef   Thumb Code     0  rt_memcpy_v6.o(.text)
    __rt_memcpy                              0x080131ef   Thumb Code   138  rt_memcpy_v6.o(.text)
    _memcpy_lastbytes                        0x08013255   Thumb Code     0  rt_memcpy_v6.o(.text)
    strcmp                                   0x08013279   Thumb Code   128  strcmpv7m.o(.text)
    __use_two_region_memory                  0x080132f9   Thumb Code     2  heapauxi.o(.text)
    __rt_heap_escrow$2region                 0x080132fb   Thumb Code     2  heapauxi.o(.text)
    __rt_heap_expand$2region                 0x080132fd   Thumb Code     2  heapauxi.o(.text)
    __I$use$semihosting                      0x080132ff   Thumb Code     0  use_no_semi.o(.text)
    __use_no_semihosting_swi                 0x080132ff   Thumb Code     2  use_no_semi.o(.text)
    __aeabi_uldivmod                         0x08013301   Thumb Code     0  lludivv7m.o(.text)
    _ll_udiv                                 0x08013301   Thumb Code   238  lludivv7m.o(.text)
    __read_errno                             0x080133ef   Thumb Code    10  _rserrno.o(.text)
    __set_errno                              0x080133f9   Thumb Code    12  _rserrno.o(.text)
    _printf_int_common                       0x08013405   Thumb Code   178  _printf_intcommon.o(.text)
    _printf_cs_common                        0x080134b7   Thumb Code    20  _printf_char.o(.text)
    _printf_char                             0x080134cb   Thumb Code    16  _printf_char.o(.text)
    _printf_string                           0x080134db   Thumb Code     8  _printf_char.o(.text)
    _printf_char_file                        0x080134e5   Thumb Code    32  _printf_char_file.o(.text)
    __aeabi_memcpy4                          0x08013509   Thumb Code     0  rt_memcpy_w.o(.text)
    __aeabi_memcpy8                          0x08013509   Thumb Code     0  rt_memcpy_w.o(.text)
    __rt_memcpy_w                            0x08013509   Thumb Code   100  rt_memcpy_w.o(.text)
    _memcpy_lastbytes_aligned                0x08013551   Thumb Code     0  rt_memcpy_w.o(.text)
    __aeabi_errno_addr                       0x0801356d   Thumb Code     8  rt_errno_addr_intlibspace.o(.text)
    __errno$intlibspace                      0x0801356d   Thumb Code     0  rt_errno_addr_intlibspace.o(.text)
    __rt_errno_addr$intlibspace              0x0801356d   Thumb Code     0  rt_errno_addr_intlibspace.o(.text)
    _printf_char_common                      0x0801357f   Thumb Code    32  _printf_char_common.o(.text)
    ferror                                   0x080135a5   Thumb Code     8  ferror.o(.text)
    __user_libspace                          0x080135ad   Thumb Code     8  libspace.o(.text)
    __user_perproc_libspace                  0x080135ad   Thumb Code     0  libspace.o(.text)
    __user_perthread_libspace                0x080135ad   Thumb Code     0  libspace.o(.text)
    __user_setup_stackheap                   0x080135b5   Thumb Code    74  sys_stackheap_outer.o(.text)
    exit                                     0x080135ff   Thumb Code    18  exit.o(.text)
    _is_digit                                0x08013611   Thumb Code    14  __printf_wp.o(i._is_digit)
    sqrt                                     0x0801361f   Thumb Code    76  sqrt.o(i.sqrt)
    __aeabi_dadd                             0x0801366d   Thumb Code     0  daddsub_clz.o(x$fpl$dadd)
    _dadd                                    0x0801366d   Thumb Code   332  daddsub_clz.o(x$fpl$dadd)
    __fpl_dcmp_Inf                           0x080137bd   Thumb Code    24  dcmpi.o(x$fpl$dcmpinf)
    __aeabi_d2uiz                            0x080137d5   Thumb Code     0  dfixu.o(x$fpl$dfixu)
    _dfixu                                   0x080137d5   Thumb Code    90  dfixu.o(x$fpl$dfixu)
    __aeabi_i2d                              0x0801382f   Thumb Code     0  dflt_clz.o(x$fpl$dflt)
    _dflt                                    0x0801382f   Thumb Code    46  dflt_clz.o(x$fpl$dflt)
    __aeabi_ui2d                             0x0801385d   Thumb Code     0  dflt_clz.o(x$fpl$dfltu)
    _dfltu                                   0x0801385d   Thumb Code    38  dflt_clz.o(x$fpl$dfltu)
    __aeabi_cdcmple                          0x08013885   Thumb Code     0  dleqf.o(x$fpl$dleqf)
    _dcmple                                  0x08013885   Thumb Code   120  dleqf.o(x$fpl$dleqf)
    __fpl_dcmple_InfNaN                      0x080138e7   Thumb Code     0  dleqf.o(x$fpl$dleqf)
    __aeabi_dmul                             0x080138fd   Thumb Code     0  dmul.o(x$fpl$dmul)
    _dmul                                    0x080138fd   Thumb Code   332  dmul.o(x$fpl$dmul)
    __fpl_dnaninf                            0x08013a51   Thumb Code   156  dnaninf.o(x$fpl$dnaninf)
    __fpl_dretinf                            0x08013aed   Thumb Code    12  dretinf.o(x$fpl$dretinf)
    __aeabi_cdrcmple                         0x08013af9   Thumb Code     0  drleqf.o(x$fpl$drleqf)
    _drcmple                                 0x08013af9   Thumb Code   108  drleqf.o(x$fpl$drleqf)
    __aeabi_drsub                            0x08013b65   Thumb Code     0  daddsub_clz.o(x$fpl$drsb)
    _drsb                                    0x08013b65   Thumb Code    22  daddsub_clz.o(x$fpl$drsb)
    _dsqrt                                   0x08013b7d   Thumb Code   456  dsqrt_noumaal.o(x$fpl$dsqrt)
    __aeabi_dsub                             0x08013d49   Thumb Code     0  daddsub_clz.o(x$fpl$dsub)
    _dsub                                    0x08013d49   Thumb Code   464  daddsub_clz.o(x$fpl$dsub)
    __aeabi_f2d                              0x08013f1d   Thumb Code     0  f2d.o(x$fpl$f2d)
    _f2d                                     0x08013f1d   Thumb Code    86  f2d.o(x$fpl$f2d)
    __aeabi_fadd                             0x08013f75   Thumb Code     0  faddsub_clz.o(x$fpl$fadd)
    _fadd                                    0x08013f75   Thumb Code   196  faddsub_clz.o(x$fpl$fadd)
    __fpl_fcmp_Inf                           0x08014039   Thumb Code    24  fcmpi.o(x$fpl$fcmpinf)
    __aeabi_fdiv                             0x08014051   Thumb Code     0  fdiv.o(x$fpl$fdiv)
    _fdiv                                    0x08014051   Thumb Code   384  fdiv.o(x$fpl$fdiv)
    __aeabi_cfcmpeq                          0x080141d5   Thumb Code     0  feqf.o(x$fpl$feqf)
    _fcmpeq                                  0x080141d5   Thumb Code   104  feqf.o(x$fpl$feqf)
    __aeabi_f2iz                             0x0801423d   Thumb Code     0  ffix.o(x$fpl$ffix)
    _ffix                                    0x0801423d   Thumb Code    54  ffix.o(x$fpl$ffix)
    __aeabi_f2uiz                            0x08014275   Thumb Code     0  ffixu.o(x$fpl$ffixu)
    _ffixu                                   0x08014275   Thumb Code    62  ffixu.o(x$fpl$ffixu)
    __aeabi_i2f                              0x080142b5   Thumb Code     0  fflt_clz.o(x$fpl$fflt)
    _fflt                                    0x080142b5   Thumb Code    48  fflt_clz.o(x$fpl$fflt)
    __aeabi_ui2f                             0x080142e5   Thumb Code     0  fflt_clz.o(x$fpl$ffltu)
    _ffltu                                   0x080142e5   Thumb Code    38  fflt_clz.o(x$fpl$ffltu)
    __aeabi_fmul                             0x0801430d   Thumb Code     0  fmul.o(x$fpl$fmul)
    _fmul                                    0x0801430d   Thumb Code   258  fmul.o(x$fpl$fmul)
    __fpl_fnaninf                            0x0801440f   Thumb Code   140  fnaninf.o(x$fpl$fnaninf)
    __fpl_fretinf                            0x0801449b   Thumb Code    10  fretinf.o(x$fpl$fretinf)
    __aeabi_fsub                             0x080144a5   Thumb Code     0  faddsub_clz.o(x$fpl$fsub)
    _fsub                                    0x080144a5   Thumb Code   234  faddsub_clz.o(x$fpl$fsub)
    __I$use$fp                               0x0801458e   Number         0  usenofp.o(x$fpl$usenofp)
    asc2_1206                                0x0801458e   Data        1140  lcd.o(.constdata)
    asc2_1608                                0x08014a02   Data        1520  lcd.o(.constdata)
    asc2_2412                                0x08014ff2   Data        3420  lcd.o(.constdata)
    FT5206_TPX_TBL                           0x08015d4e   Data          10  ft5206.o(.constdata)
    GT9147_CFG_TBL                           0x08015d58   Data         184  gt9147.o(.constdata)
    GT9147_TPX_TBL                           0x08015e10   Data          10  gt9147.o(.constdata)
    OTT_TPX_TBL                              0x08015e1a   Data          10  ott2001a.o(.constdata)
    TP_REMIND_MSG_TBL                        0x08015e24   Data           4  touch.o(.constdata)
    memtblsize                               0x08015e28   Data           8  malloc.o(.constdata)
    memblksize                               0x08015e30   Data           8  malloc.o(.constdata)
    memsize                                  0x08015e38   Data           8  malloc.o(.constdata)
    FILE_TYPE_TBL                            0x08015e7c   Data         312  exfuns.o(.constdata)
    GBK24_PATH                               0x08016374   Data           4  fontupd.o(.constdata)
    GBK16_PATH                               0x08016378   Data           4  fontupd.o(.constdata)
    GBK12_PATH                               0x0801637c   Data           4  fontupd.o(.constdata)
    UNIGBK_PATH                              0x08016380   Data           4  fontupd.o(.constdata)
    PY_mb_space                              0x08016384   Data           1  pyinput.o(.constdata)
    PY_mb_a                                  0x08016385   Data          21  pyinput.o(.constdata)
    PY_mb_ai                                 0x0801639a   Data          45  pyinput.o(.constdata)
    PY_mb_an                                 0x080163c7   Data          37  pyinput.o(.constdata)
    PY_mb_ang                                0x080163ec   Data           9  pyinput.o(.constdata)
    PY_mb_ao                                 0x080163f5   Data          47  pyinput.o(.constdata)
    PY_mb_ba                                 0x08016424   Data          53  pyinput.o(.constdata)
    PY_mb_bai                                0x08016459   Data          23  pyinput.o(.constdata)
    PY_mb_ban                                0x08016470   Data          45  pyinput.o(.constdata)
    PY_mb_bang                               0x0801649d   Data          29  pyinput.o(.constdata)
    PY_mb_bao                                0x080164ba   Data          55  pyinput.o(.constdata)
    PY_mb_bei                                0x080164f1   Data          59  pyinput.o(.constdata)
    PY_mb_ben                                0x0801652c   Data          17  pyinput.o(.constdata)
    PY_mb_beng                               0x0801653d   Data          21  pyinput.o(.constdata)
    PY_mb_bi                                 0x08016552   Data         117  pyinput.o(.constdata)
    PY_mb_bian                               0x080165c7   Data          53  pyinput.o(.constdata)
    PY_mb_biao                               0x080165fc   Data          33  pyinput.o(.constdata)
    PY_mb_bie                                0x0801661d   Data          11  pyinput.o(.constdata)
    PY_mb_bin                                0x08016628   Data          33  pyinput.o(.constdata)
    PY_mb_bing                               0x08016649   Data          31  pyinput.o(.constdata)
    PY_mb_bo                                 0x08016668   Data          77  pyinput.o(.constdata)
    PY_mb_bu                                 0x080166b5   Data          41  pyinput.o(.constdata)
    PY_mb_ca                                 0x080166de   Data           7  pyinput.o(.constdata)
    PY_mb_cai                                0x080166e5   Data          23  pyinput.o(.constdata)
    PY_mb_can                                0x080166fc   Data          25  pyinput.o(.constdata)
    PY_mb_cang                               0x08016715   Data          13  pyinput.o(.constdata)
    PY_mb_cao                                0x08016722   Data          21  pyinput.o(.constdata)
    PY_mb_ce                                 0x08016737   Data          13  pyinput.o(.constdata)
    PY_mb_cen                                0x08016744   Data           7  pyinput.o(.constdata)
    PY_mb_ceng                               0x0801674b   Data           9  pyinput.o(.constdata)
    PY_mb_cha                                0x08016754   Data          51  pyinput.o(.constdata)
    PY_mb_chai                               0x08016787   Data          19  pyinput.o(.constdata)
    PY_mb_chan                               0x0801679a   Data          53  pyinput.o(.constdata)
    PY_mb_chang                              0x080167cf   Data          53  pyinput.o(.constdata)
    PY_mb_chao                               0x08016804   Data          29  pyinput.o(.constdata)
    PY_mb_che                                0x08016821   Data          19  pyinput.o(.constdata)
    PY_mb_chen                               0x08016834   Data          41  pyinput.o(.constdata)
    PY_mb_cheng                              0x0801685d   Data          59  pyinput.o(.constdata)
    PY_mb_chi                                0x08016898   Data          79  pyinput.o(.constdata)
    PY_mb_chong                              0x080168e7   Data          29  pyinput.o(.constdata)
    PY_mb_chou                               0x08016904   Data          35  pyinput.o(.constdata)
    PY_mb_chu                                0x08016927   Data          59  pyinput.o(.constdata)
    PY_mb_chuai                              0x08016962   Data          11  pyinput.o(.constdata)
    PY_mb_chuan                              0x0801696d   Data          27  pyinput.o(.constdata)
    PY_mb_chuang                             0x08016988   Data          17  pyinput.o(.constdata)
    PY_mb_chui                               0x08016999   Data          17  pyinput.o(.constdata)
    PY_mb_chun                               0x080169aa   Data          21  pyinput.o(.constdata)
    PY_mb_chuo                               0x080169bf   Data          15  pyinput.o(.constdata)
    PY_mb_ci                                 0x080169ce   Data          43  pyinput.o(.constdata)
    PY_mb_cong                               0x080169f9   Data          25  pyinput.o(.constdata)
    PY_mb_cou                                0x08016a12   Data           9  pyinput.o(.constdata)
    PY_mb_cu                                 0x08016a1b   Data          23  pyinput.o(.constdata)
    PY_mb_cuan                               0x08016a32   Data          17  pyinput.o(.constdata)
    PY_mb_cui                                0x08016a43   Data          31  pyinput.o(.constdata)
    PY_mb_cun                                0x08016a62   Data          11  pyinput.o(.constdata)
    PY_mb_cuo                                0x08016a6d   Data          33  pyinput.o(.constdata)
    PY_mb_da                                 0x08016a8e   Data          35  pyinput.o(.constdata)
    PY_mb_dai                                0x08016ab1   Data          45  pyinput.o(.constdata)
    PY_mb_dan                                0x08016ade   Data          57  pyinput.o(.constdata)
    PY_mb_dang                               0x08016b17   Data          25  pyinput.o(.constdata)
    PY_mb_dao                                0x08016b30   Data          39  pyinput.o(.constdata)
    PY_mb_de                                 0x08016b57   Data          11  pyinput.o(.constdata)
    PY_mb_dei                                0x08016b62   Data           3  pyinput.o(.constdata)
    PY_mb_deng                               0x08016b65   Data          29  pyinput.o(.constdata)
    PY_mb_di                                 0x08016b82   Data          79  pyinput.o(.constdata)
    PY_mb_dia                                0x08016bd1   Data           3  pyinput.o(.constdata)
    PY_mb_dian                               0x08016bd4   Data          51  pyinput.o(.constdata)
    PY_mb_diao                               0x08016c07   Data          27  pyinput.o(.constdata)
    PY_mb_die                                0x08016c22   Data          33  pyinput.o(.constdata)
    PY_mb_ding                               0x08016c43   Data          39  pyinput.o(.constdata)
    PY_mb_diu                                0x08016c6a   Data           5  pyinput.o(.constdata)
    PY_mb_dong                               0x08016c6f   Data          37  pyinput.o(.constdata)
    PY_mb_dou                                0x08016c94   Data          25  pyinput.o(.constdata)
    PY_mb_du                                 0x08016cad   Data          49  pyinput.o(.constdata)
    PY_mb_duan                               0x08016cde   Data          19  pyinput.o(.constdata)
    PY_mb_dui                                0x08016cf1   Data          15  pyinput.o(.constdata)
    PY_mb_dun                                0x08016d00   Data          33  pyinput.o(.constdata)
    PY_mb_duo                                0x08016d21   Data          43  pyinput.o(.constdata)
    PY_mb_e                                  0x08016d4c   Data          65  pyinput.o(.constdata)
    PY_mb_ei                                 0x08016d8d   Data           3  pyinput.o(.constdata)
    PY_mb_en                                 0x08016d90   Data           7  pyinput.o(.constdata)
    PY_mb_er                                 0x08016d97   Data          27  pyinput.o(.constdata)
    PY_mb_fa                                 0x08016db2   Data          21  pyinput.o(.constdata)
    PY_mb_fan                                0x08016dc7   Data          49  pyinput.o(.constdata)
    PY_mb_fang                               0x08016df8   Data          35  pyinput.o(.constdata)
    PY_mb_fei                                0x08016e1b   Data          63  pyinput.o(.constdata)
    PY_mb_fen                                0x08016e5a   Data          45  pyinput.o(.constdata)
    PY_mb_feng                               0x08016e87   Data          43  pyinput.o(.constdata)
    PY_mb_fo                                 0x08016eb2   Data           3  pyinput.o(.constdata)
    PY_mb_fou                                0x08016eb5   Data           5  pyinput.o(.constdata)
    PY_mb_fu                                 0x08016eba   Data         169  pyinput.o(.constdata)
    PY_mb_ga                                 0x08016f63   Data          21  pyinput.o(.constdata)
    PY_mb_gai                                0x08016f78   Data          27  pyinput.o(.constdata)
    PY_mb_gan                                0x08016f93   Data          49  pyinput.o(.constdata)
    PY_mb_gang                               0x08016fc4   Data          27  pyinput.o(.constdata)
    PY_mb_gao                                0x08016fdf   Data          39  pyinput.o(.constdata)
    PY_mb_ge                                 0x08017006   Data          71  pyinput.o(.constdata)
    PY_mb_gei                                0x0801704d   Data           3  pyinput.o(.constdata)
    PY_mb_gen                                0x08017050   Data          13  pyinput.o(.constdata)
    PY_mb_geng                               0x0801705d   Data          25  pyinput.o(.constdata)
    PY_mb_gong                               0x08017076   Data          41  pyinput.o(.constdata)
    PY_mb_gou                                0x0801709f   Data          43  pyinput.o(.constdata)
    PY_mb_gu                                 0x080170ca   Data          85  pyinput.o(.constdata)
    PY_mb_gua                                0x0801711f   Data          25  pyinput.o(.constdata)
    PY_mb_guai                               0x08017138   Data           9  pyinput.o(.constdata)
    PY_mb_guan                               0x08017141   Data          39  pyinput.o(.constdata)
    PY_mb_guang                              0x08017168   Data          15  pyinput.o(.constdata)
    PY_mb_gui                                0x08017177   Data          59  pyinput.o(.constdata)
    PY_mb_gun                                0x080171b2   Data          15  pyinput.o(.constdata)
    PY_mb_guo                                0x080171c1   Data          41  pyinput.o(.constdata)
    PY_mb_ha                                 0x080171ea   Data           7  pyinput.o(.constdata)
    PY_mb_hai                                0x080171f1   Data          25  pyinput.o(.constdata)
    PY_mb_han                                0x0801720a   Data          59  pyinput.o(.constdata)
    PY_mb_hang                               0x08017245   Data          19  pyinput.o(.constdata)
    PY_mb_hao                                0x08017258   Data          43  pyinput.o(.constdata)
    PY_mb_he                                 0x08017283   Data          61  pyinput.o(.constdata)
    PY_mb_hei                                0x080172c0   Data           5  pyinput.o(.constdata)
    PY_mb_hen                                0x080172c5   Data           9  pyinput.o(.constdata)
    PY_mb_heng                               0x080172ce   Data          17  pyinput.o(.constdata)
    PY_mb_hong                               0x080172df   Data          35  pyinput.o(.constdata)
    PY_mb_hou                                0x08017302   Data          31  pyinput.o(.constdata)
    PY_mb_hu                                 0x08017321   Data          93  pyinput.o(.constdata)
    PY_mb_hua                                0x0801737e   Data          27  pyinput.o(.constdata)
    PY_mb_huai                               0x08017399   Data          13  pyinput.o(.constdata)
    PY_mb_huan                               0x080173a6   Data          61  pyinput.o(.constdata)
    PY_mb_huang                              0x080173e3   Data          51  pyinput.o(.constdata)
    PY_mb_hui                                0x08017416   Data          81  pyinput.o(.constdata)
    PY_mb_hun                                0x08017467   Data          23  pyinput.o(.constdata)
    PY_mb_huo                                0x0801747e   Data          43  pyinput.o(.constdata)
    PY_mb_ji                                 0x080174a9   Data         215  pyinput.o(.constdata)
    PY_mb_jia                                0x08017580   Data          79  pyinput.o(.constdata)
    PY_mb_jian                               0x080175cf   Data         141  pyinput.o(.constdata)
    PY_mb_jiang                              0x0801765c   Data          49  pyinput.o(.constdata)
    PY_mb_jiao                               0x0801768d   Data          93  pyinput.o(.constdata)
    PY_mb_jie                                0x080176ea   Data          91  pyinput.o(.constdata)
    PY_mb_jin                                0x08017745   Data          71  pyinput.o(.constdata)
    PY_mb_jing                               0x0801778c   Data          85  pyinput.o(.constdata)
    PY_mb_jiong                              0x080177e1   Data          11  pyinput.o(.constdata)
    PY_mb_jiu                                0x080177ec   Data          53  pyinput.o(.constdata)
    PY_mb_ju                                 0x08017821   Data         109  pyinput.o(.constdata)
    PY_mb_juan                               0x0801788e   Data          33  pyinput.o(.constdata)
    PY_mb_jue                                0x080178af   Data          61  pyinput.o(.constdata)
    PY_mb_jun                                0x080178ec   Data          33  pyinput.o(.constdata)
    PY_mb_ka                                 0x0801790d   Data          15  pyinput.o(.constdata)
    PY_mb_kai                                0x0801791c   Data          27  pyinput.o(.constdata)
    PY_mb_kan                                0x08017937   Data          29  pyinput.o(.constdata)
    PY_mb_kang                               0x08017954   Data          21  pyinput.o(.constdata)
    PY_mb_kao                                0x08017969   Data          17  pyinput.o(.constdata)
    PY_mb_ke                                 0x0801797a   Data          73  pyinput.o(.constdata)
    PY_mb_ken                                0x080179c3   Data          11  pyinput.o(.constdata)
    PY_mb_keng                               0x080179ce   Data          11  pyinput.o(.constdata)
    PY_mb_kong                               0x080179d9   Data          15  pyinput.o(.constdata)
    PY_mb_kou                                0x080179e8   Data          19  pyinput.o(.constdata)
    PY_mb_ku                                 0x080179fb   Data          25  pyinput.o(.constdata)
    PY_mb_kua                                0x08017a14   Data          15  pyinput.o(.constdata)
    PY_mb_kuai                               0x08017a23   Data          21  pyinput.o(.constdata)
    PY_mb_kuan                               0x08017a38   Data           7  pyinput.o(.constdata)
    PY_mb_kuang                              0x08017a3f   Data          33  pyinput.o(.constdata)
    PY_mb_kui                                0x08017a60   Data          57  pyinput.o(.constdata)
    PY_mb_kun                                0x08017a99   Data          23  pyinput.o(.constdata)
    PY_mb_kuo                                0x08017ab0   Data          11  pyinput.o(.constdata)
    PY_mb_la                                 0x08017abb   Data          27  pyinput.o(.constdata)
    PY_mb_lai                                0x08017ad6   Data          25  pyinput.o(.constdata)
    PY_mb_lan                                0x08017aef   Data          45  pyinput.o(.constdata)
    PY_mb_lang                               0x08017b1c   Data          29  pyinput.o(.constdata)
    PY_mb_lao                                0x08017b39   Data          39  pyinput.o(.constdata)
    PY_mb_le                                 0x08017b60   Data          15  pyinput.o(.constdata)
    PY_mb_lei                                0x08017b6f   Data          41  pyinput.o(.constdata)
    PY_mb_leng                               0x08017b98   Data          11  pyinput.o(.constdata)
    PY_mb_li                                 0x08017ba3   Data         157  pyinput.o(.constdata)
    PY_mb_lia                                0x08017c40   Data           3  pyinput.o(.constdata)
    PY_mb_lian                               0x08017c43   Data          53  pyinput.o(.constdata)
    PY_mb_liang                              0x08017c78   Data          35  pyinput.o(.constdata)
    PY_mb_liao                               0x08017c9b   Data          43  pyinput.o(.constdata)
    PY_mb_lie                                0x08017cc6   Data          27  pyinput.o(.constdata)
    PY_mb_lin                                0x08017ce1   Data          51  pyinput.o(.constdata)
    PY_mb_ling                               0x08017d14   Data          57  pyinput.o(.constdata)
    PY_mb_liu                                0x08017d4d   Data          47  pyinput.o(.constdata)
    PY_mb_lo                                 0x08017d7c   Data           3  pyinput.o(.constdata)
    PY_mb_long                               0x08017d7f   Data          37  pyinput.o(.constdata)
    PY_mb_lou                                0x08017da4   Data          33  pyinput.o(.constdata)
    PY_mb_lu                                 0x08017dc5   Data          89  pyinput.o(.constdata)
    PY_mb_lv                                 0x08017e1e   Data          43  pyinput.o(.constdata)
    PY_mb_luan                               0x08017e49   Data          13  pyinput.o(.constdata)
    PY_mb_lue                                0x08017e56   Data           7  pyinput.o(.constdata)
    PY_mb_lun                                0x08017e5d   Data          17  pyinput.o(.constdata)
    PY_mb_luo                                0x08017e6e   Data          61  pyinput.o(.constdata)
    PY_mb_m                                  0x08017eab   Data           3  pyinput.o(.constdata)
    PY_mb_ma                                 0x08017eae   Data          33  pyinput.o(.constdata)
    PY_mb_mai                                0x08017ecf   Data          39  pyinput.o(.constdata)
    PY_mb_man                                0x08017ef6   Data          19  pyinput.o(.constdata)
    PY_mb_mang                               0x08017f09   Data          21  pyinput.o(.constdata)
    PY_mb_mao                                0x08017f1e   Data          53  pyinput.o(.constdata)
    PY_mb_me                                 0x08017f53   Data           3  pyinput.o(.constdata)
    PY_mb_mei                                0x08017f56   Data          53  pyinput.o(.constdata)
    PY_mb_men                                0x08017f8b   Data          15  pyinput.o(.constdata)
    PY_mb_meng                               0x08017f9a   Data          39  pyinput.o(.constdata)
    PY_mb_mi                                 0x08017fc1   Data          63  pyinput.o(.constdata)
    PY_mb_mian                               0x08018000   Data          31  pyinput.o(.constdata)
    PY_mb_miao                               0x0801801f   Data          33  pyinput.o(.constdata)
    PY_mb_mie                                0x08018040   Data          13  pyinput.o(.constdata)
    PY_mb_min                                0x0801804d   Data          33  pyinput.o(.constdata)
    PY_mb_ming                               0x0801806e   Data          25  pyinput.o(.constdata)
    PY_mb_miu                                0x08018087   Data           5  pyinput.o(.constdata)
    PY_mb_mo                                 0x0801808c   Data          67  pyinput.o(.constdata)
    PY_mb_mou                                0x080180cf   Data          19  pyinput.o(.constdata)
    PY_mb_mu                                 0x080180e2   Data          47  pyinput.o(.constdata)
    PY_mb_na                                 0x08018111   Data          23  pyinput.o(.constdata)
    PY_mb_nai                                0x08018128   Data          21  pyinput.o(.constdata)
    PY_mb_nan                                0x0801813d   Data          19  pyinput.o(.constdata)
    PY_mb_nang                               0x08018150   Data          11  pyinput.o(.constdata)
    PY_mb_nao                                0x0801815b   Data          27  pyinput.o(.constdata)
    PY_mb_ne                                 0x08018176   Data           7  pyinput.o(.constdata)
    PY_mb_nei                                0x0801817d   Data           5  pyinput.o(.constdata)
    PY_mb_nen                                0x08018182   Data           5  pyinput.o(.constdata)
    PY_mb_neng                               0x08018187   Data           3  pyinput.o(.constdata)
    PY_mb_ng                                 0x0801818a   Data           3  pyinput.o(.constdata)
    PY_mb_ni                                 0x0801818d   Data          47  pyinput.o(.constdata)
    PY_mb_nian                               0x080181bc   Data          27  pyinput.o(.constdata)
    PY_mb_niang                              0x080181d7   Data           5  pyinput.o(.constdata)
    PY_mb_niao                               0x080181dc   Data          13  pyinput.o(.constdata)
    PY_mb_nie                                0x080181e9   Data          29  pyinput.o(.constdata)
    PY_mb_nin                                0x08018206   Data           3  pyinput.o(.constdata)
    PY_mb_ning                               0x08018209   Data          21  pyinput.o(.constdata)
    PY_mb_niu                                0x0801821e   Data          17  pyinput.o(.constdata)
    PY_mb_nong                               0x0801822f   Data          13  pyinput.o(.constdata)
    PY_mb_nou                                0x0801823c   Data           3  pyinput.o(.constdata)
    PY_mb_nu                                 0x0801823f   Data          15  pyinput.o(.constdata)
    PY_mb_nuan                               0x0801824e   Data           3  pyinput.o(.constdata)
    PY_mb_nue                                0x08018251   Data           5  pyinput.o(.constdata)
    PY_mb_nuo                                0x08018256   Data          19  pyinput.o(.constdata)
    PY_mb_nv                                 0x08018269   Data           9  pyinput.o(.constdata)
    PY_mb_o                                  0x08018272   Data           7  pyinput.o(.constdata)
    PY_mb_ou                                 0x08018279   Data          25  pyinput.o(.constdata)
    PY_mb_pa                                 0x08018292   Data          23  pyinput.o(.constdata)
    PY_mb_pai                                0x080182a9   Data          21  pyinput.o(.constdata)
    PY_mb_pan                                0x080182be   Data          39  pyinput.o(.constdata)
    PY_mb_pang                               0x080182e5   Data          25  pyinput.o(.constdata)
    PY_mb_pao                                0x080182fe   Data          25  pyinput.o(.constdata)
    PY_mb_pei                                0x08018317   Data          31  pyinput.o(.constdata)
    PY_mb_pen                                0x08018336   Data           7  pyinput.o(.constdata)
    PY_mb_peng                               0x0801833d   Data          37  pyinput.o(.constdata)
    PY_mb_pi                                 0x08018362   Data          93  pyinput.o(.constdata)
    PY_mb_pian                               0x080183bf   Data          27  pyinput.o(.constdata)
    PY_mb_piao                               0x080183da   Data          27  pyinput.o(.constdata)
    PY_mb_pie                                0x080183f5   Data          11  pyinput.o(.constdata)
    PY_mb_pin                                0x08018400   Data          21  pyinput.o(.constdata)
    PY_mb_ping                               0x08018415   Data          29  pyinput.o(.constdata)
    PY_mb_po                                 0x08018432   Data          43  pyinput.o(.constdata)
    PY_mb_pou                                0x0801845d   Data           7  pyinput.o(.constdata)
    PY_mb_pu                                 0x08018464   Data          55  pyinput.o(.constdata)
    PY_mb_qi                                 0x0801849b   Data         147  pyinput.o(.constdata)
    PY_mb_qia                                0x0801852e   Data          15  pyinput.o(.constdata)
    PY_mb_qian                               0x0801853d   Data          93  pyinput.o(.constdata)
    PY_mb_qiang                              0x0801859a   Data          41  pyinput.o(.constdata)
    PY_mb_qiao                               0x080185c3   Data          61  pyinput.o(.constdata)
    PY_mb_qie                                0x08018600   Data          29  pyinput.o(.constdata)
    PY_mb_qin                                0x0801861d   Data          47  pyinput.o(.constdata)
    PY_mb_qing                               0x0801864c   Data          53  pyinput.o(.constdata)
    PY_mb_qiong                              0x08018681   Data          19  pyinput.o(.constdata)
    PY_mb_qiu                                0x08018694   Data          49  pyinput.o(.constdata)
    PY_mb_qu                                 0x080186c5   Data          73  pyinput.o(.constdata)
    PY_mb_quan                               0x0801870e   Data          45  pyinput.o(.constdata)
    PY_mb_que                                0x0801873b   Data          23  pyinput.o(.constdata)
    PY_mb_qui                                0x08018752   Data           3  pyinput.o(.constdata)
    PY_mb_qun                                0x08018755   Data           9  pyinput.o(.constdata)
    PY_mb_ran                                0x0801875e   Data          15  pyinput.o(.constdata)
    PY_mb_rang                               0x0801876d   Data          15  pyinput.o(.constdata)
    PY_mb_rao                                0x0801877c   Data          13  pyinput.o(.constdata)
    PY_mb_re                                 0x08018789   Data           7  pyinput.o(.constdata)
    PY_mb_ren                                0x08018790   Data          37  pyinput.o(.constdata)
    PY_mb_reng                               0x080187b5   Data           5  pyinput.o(.constdata)
    PY_mb_ri                                 0x080187ba   Data           3  pyinput.o(.constdata)
    PY_mb_rong                               0x080187bd   Data          31  pyinput.o(.constdata)
    PY_mb_rou                                0x080187dc   Data          13  pyinput.o(.constdata)
    PY_mb_ru                                 0x080187e9   Data          41  pyinput.o(.constdata)
    PY_mb_ruan                               0x08018812   Data           7  pyinput.o(.constdata)
    PY_mb_rui                                0x08018819   Data          17  pyinput.o(.constdata)
    PY_mb_run                                0x0801882a   Data           5  pyinput.o(.constdata)
    PY_mb_ruo                                0x0801882f   Data           9  pyinput.o(.constdata)
    PY_mb_sa                                 0x08018838   Data          15  pyinput.o(.constdata)
    PY_mb_sai                                0x08018847   Data          11  pyinput.o(.constdata)
    PY_mb_san                                0x08018852   Data          15  pyinput.o(.constdata)
    PY_mb_sang                               0x08018861   Data          13  pyinput.o(.constdata)
    PY_mb_sao                                0x0801886e   Data          19  pyinput.o(.constdata)
    PY_mb_se                                 0x08018881   Data          15  pyinput.o(.constdata)
    PY_mb_sen                                0x08018890   Data           3  pyinput.o(.constdata)
    PY_mb_seng                               0x08018893   Data           3  pyinput.o(.constdata)
    PY_mb_sha                                0x08018896   Data          37  pyinput.o(.constdata)
    PY_mb_shai                               0x080188bb   Data           7  pyinput.o(.constdata)
    PY_mb_shan                               0x080188c2   Data          77  pyinput.o(.constdata)
    PY_mb_shang                              0x0801890f   Data          27  pyinput.o(.constdata)
    PY_mb_shao                               0x0801892a   Data          39  pyinput.o(.constdata)
    PY_mb_she                                0x08018951   Data          45  pyinput.o(.constdata)
    PY_mb_shei                               0x0801897e   Data           3  pyinput.o(.constdata)
    PY_mb_shen                               0x08018981   Data          57  pyinput.o(.constdata)
    PY_mb_sheng                              0x080189ba   Data          35  pyinput.o(.constdata)
    PY_mb_shi                                0x080189dd   Data         141  pyinput.o(.constdata)
    PY_mb_shou                               0x08018a6a   Data          29  pyinput.o(.constdata)
    PY_mb_shu                                0x08018a87   Data          97  pyinput.o(.constdata)
    PY_mb_shua                               0x08018ae8   Data           7  pyinput.o(.constdata)
    PY_mb_shuai                              0x08018aef   Data          13  pyinput.o(.constdata)
    PY_mb_shuan                              0x08018afc   Data           9  pyinput.o(.constdata)
    PY_mb_shuang                             0x08018b05   Data          11  pyinput.o(.constdata)
    PY_mb_shui                               0x08018b10   Data          11  pyinput.o(.constdata)
    PY_mb_shun                               0x08018b1b   Data           9  pyinput.o(.constdata)
    PY_mb_shuo                               0x08018b24   Data          21  pyinput.o(.constdata)
    PY_mb_si                                 0x08018b39   Data          69  pyinput.o(.constdata)
    PY_mb_song                               0x08018b7e   Data          33  pyinput.o(.constdata)
    PY_mb_sou                                0x08018b9f   Data          29  pyinput.o(.constdata)
    PY_mb_su                                 0x08018bbc   Data          45  pyinput.o(.constdata)
    PY_mb_suan                               0x08018be9   Data           9  pyinput.o(.constdata)
    PY_mb_sui                                0x08018bf2   Data          23  pyinput.o(.constdata)
    PY_mb_sun                                0x08018c09   Data           7  pyinput.o(.constdata)
    PY_mb_suo                                0x08018c10   Data          35  pyinput.o(.constdata)
    PY_mb_ta                                 0x08018c33   Data          39  pyinput.o(.constdata)
    PY_mb_tai                                0x08018c5a   Data          35  pyinput.o(.constdata)
    PY_mb_tan                                0x08018c7d   Data          57  pyinput.o(.constdata)
    PY_mb_tang                               0x08018cb6   Data          55  pyinput.o(.constdata)
    PY_mb_tao                                0x08018ced   Data          37  pyinput.o(.constdata)
    PY_mb_te                                 0x08018d12   Data           9  pyinput.o(.constdata)
    PY_mb_teng                               0x08018d1b   Data          11  pyinput.o(.constdata)
    PY_mb_ti                                 0x08018d26   Data          49  pyinput.o(.constdata)
    PY_mb_tian                               0x08018d57   Data          31  pyinput.o(.constdata)
    PY_mb_tiao                               0x08018d76   Data          35  pyinput.o(.constdata)
    PY_mb_tie                                0x08018d99   Data          13  pyinput.o(.constdata)
    PY_mb_ting                               0x08018da6   Data          35  pyinput.o(.constdata)
    PY_mb_tong                               0x08018dc9   Data          45  pyinput.o(.constdata)
    PY_mb_tou                                0x08018df6   Data          15  pyinput.o(.constdata)
    PY_mb_tu                                 0x08018e05   Data          33  pyinput.o(.constdata)
    PY_mb_tuan                               0x08018e26   Data          11  pyinput.o(.constdata)
    PY_mb_tui                                0x08018e31   Data          15  pyinput.o(.constdata)
    PY_mb_tun                                0x08018e40   Data          19  pyinput.o(.constdata)
    PY_mb_tuo                                0x08018e53   Data          53  pyinput.o(.constdata)
    PY_mb_wa                                 0x08018e88   Data          21  pyinput.o(.constdata)
    PY_mb_wai                                0x08018e9d   Data           7  pyinput.o(.constdata)
    PY_mb_wan                                0x08018ea4   Data          59  pyinput.o(.constdata)
    PY_mb_wang                               0x08018edf   Data          31  pyinput.o(.constdata)
    PY_mb_wei                                0x08018efe   Data         123  pyinput.o(.constdata)
    PY_mb_wen                                0x08018f79   Data          33  pyinput.o(.constdata)
    PY_mb_weng                               0x08018f9a   Data          11  pyinput.o(.constdata)
    PY_mb_wo                                 0x08018fa5   Data          35  pyinput.o(.constdata)
    PY_mb_wu                                 0x08018fc8   Data         113  pyinput.o(.constdata)
    PY_mb_xi                                 0x08019039   Data         153  pyinput.o(.constdata)
    PY_mb_xia                                0x080190d2   Data          43  pyinput.o(.constdata)
    PY_mb_xian                               0x080190fd   Data          99  pyinput.o(.constdata)
    PY_mb_xiang                              0x08019160   Data          61  pyinput.o(.constdata)
    PY_mb_xiao                               0x0801919d   Data          59  pyinput.o(.constdata)
    PY_mb_xie                                0x080191d8   Data          87  pyinput.o(.constdata)
    PY_mb_xin                                0x0801922f   Data          37  pyinput.o(.constdata)
    PY_mb_xing                               0x08019254   Data          47  pyinput.o(.constdata)
    PY_mb_xiong                              0x08019283   Data          17  pyinput.o(.constdata)
    PY_mb_xiu                                0x08019294   Data          39  pyinput.o(.constdata)
    PY_mb_xu                                 0x080192bb   Data          69  pyinput.o(.constdata)
    PY_mb_xuan                               0x08019300   Data          53  pyinput.o(.constdata)
    PY_mb_xue                                0x08019335   Data          25  pyinput.o(.constdata)
    PY_mb_xun                                0x0801934e   Data          65  pyinput.o(.constdata)
    PY_mb_ya                                 0x0801938f   Data          61  pyinput.o(.constdata)
    PY_mb_yan                                0x080193cc   Data         139  pyinput.o(.constdata)
    PY_mb_yang                               0x08019457   Data          51  pyinput.o(.constdata)
    PY_mb_yao                                0x0801948a   Data          73  pyinput.o(.constdata)
    PY_mb_ye                                 0x080194d3   Data          53  pyinput.o(.constdata)
    PY_mb_yi                                 0x08019508   Data         217  pyinput.o(.constdata)
    PY_mb_yin                                0x080195e1   Data          71  pyinput.o(.constdata)
    PY_mb_ying                               0x08019628   Data          79  pyinput.o(.constdata)
    PY_mb_yo                                 0x08019677   Data           7  pyinput.o(.constdata)
    PY_mb_yong                               0x0801967e   Data          51  pyinput.o(.constdata)
    PY_mb_you                                0x080196b1   Data          87  pyinput.o(.constdata)
    PY_mb_yu                                 0x08019708   Data         189  pyinput.o(.constdata)
    PY_mb_yuan                               0x080197c5   Data          69  pyinput.o(.constdata)
    PY_mb_yue                                0x0801980a   Data          39  pyinput.o(.constdata)
    PY_mb_yun                                0x08019831   Data          51  pyinput.o(.constdata)
    PY_mb_za                                 0x08019864   Data          15  pyinput.o(.constdata)
    PY_mb_zai                                0x08019873   Data          19  pyinput.o(.constdata)
    PY_mb_zan                                0x08019886   Data          23  pyinput.o(.constdata)
    PY_mb_zang                               0x0801989d   Data          13  pyinput.o(.constdata)
    PY_mb_zao                                0x080198aa   Data          31  pyinput.o(.constdata)
    PY_mb_ze                                 0x080198c9   Data          29  pyinput.o(.constdata)
    PY_mb_zei                                0x080198e6   Data           3  pyinput.o(.constdata)
    PY_mb_zen                                0x080198e9   Data           5  pyinput.o(.constdata)
    PY_mb_zeng                               0x080198ee   Data          17  pyinput.o(.constdata)
    PY_mb_zha                                0x080198ff   Data          55  pyinput.o(.constdata)
    PY_mb_zhai                               0x08019936   Data          21  pyinput.o(.constdata)
    PY_mb_zhan                               0x0801994b   Data          45  pyinput.o(.constdata)
    PY_mb_zhang                              0x08019978   Data          49  pyinput.o(.constdata)
    PY_mb_zhao                               0x080199a9   Data          37  pyinput.o(.constdata)
    PY_mb_zhe                                0x080199ce   Data          41  pyinput.o(.constdata)
    PY_mb_zhen                               0x080199f7   Data          69  pyinput.o(.constdata)
    PY_mb_zheng                              0x08019a3c   Data          43  pyinput.o(.constdata)
    PY_mb_zhi                                0x08019a67   Data         161  pyinput.o(.constdata)
    PY_mb_zhong                              0x08019b08   Data          35  pyinput.o(.constdata)
    PY_mb_zhou                               0x08019b2b   Data          49  pyinput.o(.constdata)
    PY_mb_zhu                                0x08019b5c   Data         103  pyinput.o(.constdata)
    PY_mb_zhua                               0x08019bc3   Data           7  pyinput.o(.constdata)
    PY_mb_zhuai                              0x08019bca   Data           5  pyinput.o(.constdata)
    PY_mb_zhuan                              0x08019bcf   Data          23  pyinput.o(.constdata)
    PY_mb_zhuang                             0x08019be6   Data          21  pyinput.o(.constdata)
    PY_mb_zhui                               0x08019bfb   Data          21  pyinput.o(.constdata)
    PY_mb_zhun                               0x08019c10   Data          11  pyinput.o(.constdata)
    PY_mb_zhuo                               0x08019c1b   Data          43  pyinput.o(.constdata)
    PY_mb_zi                                 0x08019c46   Data          77  pyinput.o(.constdata)
    PY_mb_zong                               0x08019c93   Data          23  pyinput.o(.constdata)
    PY_mb_zou                                0x08019caa   Data          19  pyinput.o(.constdata)
    PY_mb_zu                                 0x08019cbd   Data          23  pyinput.o(.constdata)
    PY_mb_zuan                               0x08019cd4   Data          11  pyinput.o(.constdata)
    PY_mb_zui                                0x08019cdf   Data          13  pyinput.o(.constdata)
    PY_mb_zun                                0x08019cec   Data          11  pyinput.o(.constdata)
    PY_mb_zuo                                0x08019cf7   Data          37  pyinput.o(.constdata)
    py_index3                                0x08019d1c   Data        4788  pyinput.o(.constdata)
    Region$$Table$$Base                      0x0801c020   Number         0  anon$$obj.o(Region$$Table)
    Region$$Table$$Limit                     0x0801c040   Number         0  anon$$obj.o(Region$$Table)
    kbd_tbl1                                 0x20000000   Data         196  main.o(.data)
    kbd_tbl2                                 0x200000c4   Data         196  main.o(.data)
    kbd_tbl3                                 0x20000188   Data         196  main.o(.data)
    kbd_tbl4                                 0x2000024c   Data         196  main.o(.data)
    kbd_tbl5                                 0x20000310   Data         196  main.o(.data)
    kbd_tbl6                                 0x200003d4   Data         196  main.o(.data)
    kbd_tbl7                                 0x20000498   Data         196  main.o(.data)
    kbd_tbl8                                 0x2000055c   Data         196  main.o(.data)
    kbd_tbl9                                 0x20000620   Data         196  main.o(.data)
    kbd_tbl10                                0x200006e4   Data         196  main.o(.data)
    kbd_tbl11                                0x200007a8   Data         196  main.o(.data)
    kbd_tbl12                                0x2000086c   Data         196  main.o(.data)
    kbs_tbl                                  0x20000930   Data          36  main.o(.data)
    kbdxsize                                 0x20000954   Data           2  main.o(.data)
    kbdysize                                 0x20000956   Data           2  main.o(.data)
    nshi                                     0x20000958   Data           4  main.o(.data)
    nfen                                     0x2000095c   Data           4  main.o(.data)
    date                                     0x20000960   Data          12  main.o(.data)
    ri1                                      0x2000096c   Data         128  main.o(.data)
    yue1                                     0x200009ec   Data          52  main.o(.data)
    fen1                                     0x20000a20   Data         240  main.o(.data)
    miao1                                    0x20000b10   Data         240  main.o(.data)
    shi1                                     0x20000c00   Data          96  main.o(.data)
    SystemCoreClock                          0x20000c60   Data           4  system_stm32f10x.o(.data)
    AHBPrescTable                            0x20000c64   Data          16  system_stm32f10x.o(.data)
    POINT_COLOR                              0x20000c76   Data           2  lcd.o(.data)
    BACK_COLOR                               0x20000c78   Data           2  lcd.o(.data)
    W25QXX_TYPE                              0x20000c7a   Data           2  w25qxx.o(.data)
    TransferError                            0x20000c86   Data           1  sdio_sdcard.o(.data)
    TransferEnd                              0x20000c87   Data           1  sdio_sdcard.o(.data)
    tempbuff                                 0x20000c88   Data           4  sdio_sdcard.o(.data)
    tp_dev                                   0x20000c90   Data          52  touch.o(.data)
    CMD_RDX                                  0x20000cc4   Data           1  touch.o(.data)
    CMD_RDY                                  0x20000cc5   Data           1  touch.o(.data)
    flag                                     0x20000cc8   Data           4  touch.o(.data)
    miao                                     0x20000ccc   Data           4  timer.o(.data)
    fen                                      0x20000cd0   Data           4  timer.o(.data)
    shi                                      0x20000cd4   Data           4  timer.o(.data)
    ri                                       0x20000cd8   Data           4  timer.o(.data)
    yue                                      0x20000cdc   Data           4  timer.o(.data)
    nian1                                    0x20000ce0   Data           4  timer.o(.data)
    nian2                                    0x20000ce4   Data           4  timer.o(.data)
    nian                                     0x20000ce8   Data           4  timer.o(.data)
    n                                        0x20000cec   Data           4  timer.o(.data)
    __stdout                                 0x20000cf4   Data           4  usart.o(.data)
    USART_RX_STA                             0x20000cf8   Data           2  usart.o(.data)
    mallco_dev                               0x20000d10   Data          28  malloc.o(.data)
    FLASH_SECTOR_COUNT                       0x20000d2c   Data           2  diskio.o(.data)
    fs                                       0x20000d3c   Data           8  exfuns.o(.data)
    file                                     0x20000d44   Data           4  exfuns.o(.data)
    ftemp                                    0x20000d48   Data           4  exfuns.o(.data)
    br                                       0x20000d4c   Data           4  exfuns.o(.data)
    bw                                       0x20000d50   Data           4  exfuns.o(.data)
    fatbuf                                   0x20000d54   Data           4  exfuns.o(.data)
    sys_cmd_tab                              0x20000d58   Data          28  usmart.o(.data)
    usmart_nametab                           0x20000d74   Data          24  usmart_config.o(.data)
    usmart_dev                               0x20000d8c   Data         244  usmart_config.o(.data)
    t9                                       0x20000e80   Data          44  pyinput.o(.data)
    lcddev                                   0x20000eac   Data          14  lcd.o(.bss)
    W25QXX_BUFFER                            0x20000eba   Data        4096  w25qxx.o(.bss)
    SDIO_InitStructure                       0x20001ec0   Data          24  sdio_sdcard.o(.bss)
    SDIO_CmdInitStructure                    0x20001ed8   Data          20  sdio_sdcard.o(.bss)
    SDIO_DataInitStructure                   0x20001eec   Data          24  sdio_sdcard.o(.bss)
    SDCardInfo                               0x20001f28   Data          88  sdio_sdcard.o(.bss)
    SDIO_DATA_BUFFER                         0x20001f80   Data         512  sdio_sdcard.o(.bss)
    USART_RX_BUF                             0x20002180   Data         200  usart.o(.bss)
    mem1base                                 0x20002260   Data       40960  malloc.o(.bss)
    mem1mapbase                              0x2000c260   Data        2560  malloc.o(.bss)
    ftinfo                                   0x2000cc60   Data          33  fontupd.o(.bss)
    __libspace_start                         0x2000cc84   Data          96  libspace.o(.bss)
    __temporary_stack_top$libspace           0x2000cce4   Data           0  libspace.o(.bss)
    mem2base                                 0x68000000   Data       983040  malloc.o(.ARM.__AT_0x68000000)
    mem2mapbase                              0x680f0000   Data       61440  malloc.o(.ARM.__AT_0x680F0000)



==============================================================================

Memory Map of the image

  Image Entry point : 0x08000131

  Load Region LR_IROM1 (Base: 0x08000000, Size: 0x0001ceec, Max: 0x00080000, ABSOLUTE, COMPRESSED[0x0001c244])

    Execution Region ER_IROM1 (Exec base: 0x08000000, Load base: 0x08000000, Size: 0x0001c040, Max: 0x00080000, ABSOLUTE)

    Exec Addr    Load Addr    Size         Type   Attr      Idx    E Section Name        Object

    0x08000000   0x08000000   0x00000130   Data   RO          568    RESET               startup_stm32f10x_hd.o
    0x08000130   0x08000130   0x00000008   Code   RO          974  * !!!main             c_w.l(__main.o)
    0x08000138   0x08000138   0x00000034   Code   RO         1244    !!!scatter          c_w.l(__scatter.o)
    0x0800016c   0x0800016c   0x0000005a   Code   RO         1242    !!dczerorl2         c_w.l(__dczerorl2.o)
    0x080001c6   0x080001c6   0x00000002   PAD
    0x080001c8   0x080001c8   0x0000001c   Code   RO         1246    !!handler_zi        c_w.l(__scatter_zi.o)
    0x080001e4   0x080001e4   0x00000000   Code   RO          961    .ARM.Collect$$_printf_percent$$00000000  c_w.l(_printf_percent.o)
    0x080001e4   0x080001e4   0x00000006   Code   RO          959    .ARM.Collect$$_printf_percent$$00000009  c_w.l(_printf_d.o)
    0x080001ea   0x080001ea   0x00000006   Code   RO          960    .ARM.Collect$$_printf_percent$$0000000A  c_w.l(_printf_u.o)
    0x080001f0   0x080001f0   0x00000006   Code   RO          958    .ARM.Collect$$_printf_percent$$0000000C  c_w.l(_printf_x.o)
    0x080001f6   0x080001f6   0x00000006   Code   RO          956    .ARM.Collect$$_printf_percent$$00000013  c_w.l(_printf_c.o)
    0x080001fc   0x080001fc   0x00000006   Code   RO          957    .ARM.Collect$$_printf_percent$$00000014  c_w.l(_printf_s.o)
    0x08000202   0x08000202   0x00000004   Code   RO         1049    .ARM.Collect$$_printf_percent$$00000017  c_w.l(_printf_percent_end.o)
    0x08000206   0x08000206   0x00000002   Code   RO         1113    .ARM.Collect$$libinit$$00000000  c_w.l(libinit.o)
    0x08000208   0x08000208   0x00000000   Code   RO         1121    .ARM.Collect$$libinit$$00000002  c_w.l(libinit2.o)
    0x08000208   0x08000208   0x00000000   Code   RO         1123    .ARM.Collect$$libinit$$00000004  c_w.l(libinit2.o)
    0x08000208   0x08000208   0x00000000   Code   RO         1126    .ARM.Collect$$libinit$$0000000A  c_w.l(libinit2.o)
    0x08000208   0x08000208   0x00000000   Code   RO         1128    .ARM.Collect$$libinit$$0000000C  c_w.l(libinit2.o)
    0x08000208   0x08000208   0x00000000   Code   RO         1130    .ARM.Collect$$libinit$$0000000E  c_w.l(libinit2.o)
    0x08000208   0x08000208   0x00000000   Code   RO         1133    .ARM.Collect$$libinit$$00000011  c_w.l(libinit2.o)
    0x08000208   0x08000208   0x00000000   Code   RO         1135    .ARM.Collect$$libinit$$00000013  c_w.l(libinit2.o)
    0x08000208   0x08000208   0x00000000   Code   RO         1137    .ARM.Collect$$libinit$$00000015  c_w.l(libinit2.o)
    0x08000208   0x08000208   0x00000000   Code   RO         1139    .ARM.Collect$$libinit$$00000017  c_w.l(libinit2.o)
    0x08000208   0x08000208   0x00000000   Code   RO         1141    .ARM.Collect$$libinit$$00000019  c_w.l(libinit2.o)
    0x08000208   0x08000208   0x00000000   Code   RO         1143    .ARM.Collect$$libinit$$0000001B  c_w.l(libinit2.o)
    0x08000208   0x08000208   0x00000000   Code   RO         1145    .ARM.Collect$$libinit$$0000001D  c_w.l(libinit2.o)
    0x08000208   0x08000208   0x00000000   Code   RO         1147    .ARM.Collect$$libinit$$0000001F  c_w.l(libinit2.o)
    0x08000208   0x08000208   0x00000000   Code   RO         1149    .ARM.Collect$$libinit$$00000021  c_w.l(libinit2.o)
    0x08000208   0x08000208   0x00000000   Code   RO         1151    .ARM.Collect$$libinit$$00000023  c_w.l(libinit2.o)
    0x08000208   0x08000208   0x00000000   Code   RO         1153    .ARM.Collect$$libinit$$00000025  c_w.l(libinit2.o)
    0x08000208   0x08000208   0x00000000   Code   RO         1157    .ARM.Collect$$libinit$$0000002C  c_w.l(libinit2.o)
    0x08000208   0x08000208   0x00000000   Code   RO         1159    .ARM.Collect$$libinit$$0000002E  c_w.l(libinit2.o)
    0x08000208   0x08000208   0x00000000   Code   RO         1161    .ARM.Collect$$libinit$$00000030  c_w.l(libinit2.o)
    0x08000208   0x08000208   0x00000000   Code   RO         1163    .ARM.Collect$$libinit$$00000032  c_w.l(libinit2.o)
    0x08000208   0x08000208   0x00000002   Code   RO         1164    .ARM.Collect$$libinit$$00000033  c_w.l(libinit2.o)
    0x0800020a   0x0800020a   0x00000002   Code   RO         1192    .ARM.Collect$$libshutdown$$00000000  c_w.l(libshutdown.o)
    0x0800020c   0x0800020c   0x00000000   Code   RO         1206    .ARM.Collect$$libshutdown$$00000002  c_w.l(libshutdown2.o)
    0x0800020c   0x0800020c   0x00000000   Code   RO         1208    .ARM.Collect$$libshutdown$$00000004  c_w.l(libshutdown2.o)
    0x0800020c   0x0800020c   0x00000000   Code   RO         1210    .ARM.Collect$$libshutdown$$00000006  c_w.l(libshutdown2.o)
    0x0800020c   0x0800020c   0x00000000   Code   RO         1213    .ARM.Collect$$libshutdown$$00000009  c_w.l(libshutdown2.o)
    0x0800020c   0x0800020c   0x00000000   Code   RO         1216    .ARM.Collect$$libshutdown$$0000000C  c_w.l(libshutdown2.o)
    0x0800020c   0x0800020c   0x00000000   Code   RO         1218    .ARM.Collect$$libshutdown$$0000000E  c_w.l(libshutdown2.o)
    0x0800020c   0x0800020c   0x00000000   Code   RO         1221    .ARM.Collect$$libshutdown$$00000011  c_w.l(libshutdown2.o)
    0x0800020c   0x0800020c   0x00000002   Code   RO         1222    .ARM.Collect$$libshutdown$$00000012  c_w.l(libshutdown2.o)
    0x0800020e   0x0800020e   0x00000000   Code   RO         1038    .ARM.Collect$$rtentry$$00000000  c_w.l(__rtentry.o)
    0x0800020e   0x0800020e   0x00000000   Code   RO         1068    .ARM.Collect$$rtentry$$00000002  c_w.l(__rtentry2.o)
    0x0800020e   0x0800020e   0x00000006   Code   RO         1080    .ARM.Collect$$rtentry$$00000004  c_w.l(__rtentry4.o)
    0x08000214   0x08000214   0x00000000   Code   RO         1070    .ARM.Collect$$rtentry$$00000009  c_w.l(__rtentry2.o)
    0x08000214   0x08000214   0x00000004   Code   RO         1071    .ARM.Collect$$rtentry$$0000000A  c_w.l(__rtentry2.o)
    0x08000218   0x08000218   0x00000000   Code   RO         1073    .ARM.Collect$$rtentry$$0000000C  c_w.l(__rtentry2.o)
    0x08000218   0x08000218   0x00000008   Code   RO         1074    .ARM.Collect$$rtentry$$0000000D  c_w.l(__rtentry2.o)
    0x08000220   0x08000220   0x00000002   Code   RO         1114    .ARM.Collect$$rtexit$$00000000  c_w.l(rtexit.o)
    0x08000222   0x08000222   0x00000000   Code   RO         1166    .ARM.Collect$$rtexit$$00000002  c_w.l(rtexit2.o)
    0x08000222   0x08000222   0x00000004   Code   RO         1167    .ARM.Collect$$rtexit$$00000003  c_w.l(rtexit2.o)
    0x08000226   0x08000226   0x00000006   Code   RO         1168    .ARM.Collect$$rtexit$$00000004  c_w.l(rtexit2.o)
    0x0800022c   0x0800022c   0x00001bc0   Code   RO            1    .text               main.o
    0x08001dec   0x08001dec   0x0000001a   Code   RO          195    .text               stm32f10x_it.o
    0x08001e06   0x08001e06   0x00000002   PAD
    0x08001e08   0x08001e08   0x000001e0   Code   RO          236    .text               system_stm32f10x.o
    0x08001fe8   0x08001fe8   0x0000004c   Code   RO          254    .text               led.o
    0x08002034   0x08002034   0x000000fc   Code   RO          266    .text               key.o
    0x08002130   0x08002130   0x00004a5c   Code   RO          279    .text               lcd.o
    0x08006b8c   0x08006b8c   0x00000108   Code   RO          309    .text               spi.o
    0x08006c94   0x08006c94   0x00000368   Code   RO          324    .text               w25qxx.o
    0x08006ffc   0x08006ffc   0x00001c2c   Code   RO          343    .text               sdio_sdcard.o
    0x08008c28   0x08008c28   0x0000026c   Code   RO          369    .text               myiic.o
    0x08008e94   0x08008e94   0x0000017a   Code   RO          384    .text               24cxx.o
    0x0800900e   0x0800900e   0x00000002   PAD
    0x08009010   0x08009010   0x00000284   Code   RO          399    .text               ctiic.o
    0x08009294   0x08009294   0x00000338   Code   RO          414    .text               ft5206.o
    0x080095cc   0x080095cc   0x00000458   Code   RO          430    .text               gt9147.o
    0x08009a24   0x08009a24   0x0000036c   Code   RO          446    .text               ott2001a.o
    0x08009d90   0x08009d90   0x00000fc0   Code   RO          462    .text               touch.o
    0x0800ad50   0x0800ad50   0x000001b0   Code   RO          486    .text               timer.o
    0x0800af00   0x0800af00   0x000000d4   Code   RO          502    .text               delay.o
    0x0800afd4   0x0800afd4   0x0000000c   Code   RO          517    .text               sys.o
    0x0800afe0   0x0800afe0   0x00000140   Code   RO          533    .text               usart.o
    0x0800b120   0x0800b120   0x00000040   Code   RO          569    .text               startup_stm32f10x_hd.o
    0x0800b160   0x0800b160   0x000000dc   Code   RO          573    .text               misc.o
    0x0800b23c   0x0800b23c   0x0000060c   Code   RO          585    .text               stm32f10x_fsmc.o
    0x0800b848   0x0800b848   0x0000035c   Code   RO          597    .text               stm32f10x_gpio.o
    0x0800bba4   0x0800bba4   0x000003a4   Code   RO          609    .text               stm32f10x_rcc.o
    0x0800bf48   0x0800bf48   0x0000030c   Code   RO          623    .text               stm32f10x_spi.o
    0x0800c254   0x0800c254   0x00000408   Code   RO          635    .text               stm32f10x_usart.o
    0x0800c65c   0x0800c65c   0x00000e1a   Code   RO          647    .text               stm32f10x_tim.o
    0x0800d476   0x0800d476   0x00000002   PAD
    0x0800d478   0x0800d478   0x00000254   Code   RO          659    .text               stm32f10x_dma.o
    0x0800d6cc   0x0800d6cc   0x000001d4   Code   RO          671    .text               stm32f10x_sdio.o
    0x0800d8a0   0x0800d8a0   0x0000022c   Code   RO          683    .text               malloc.o
    0x0800dacc   0x0800dacc   0x00000200   Code   RO          705    .text               diskio.o
    0x0800dccc   0x0800dccc   0x000032e4   Code   RO          723    .text               ff.o
    0x08010fb0   0x08010fb0   0x000001a8   Code   RO          744    .text               exfuns.o
    0x08011158   0x08011158   0x000000cc   Code   RO          784    .text               mycc936.o
    0x08011224   0x08011224   0x00000c38   Code   RO          797    .text               usmart.o
    0x08011e5c   0x08011e5c   0x00000528   Code   RO          826    .text               usmart_str.o
    0x08012384   0x08012384   0x000005d0   Code   RO          838    .text               fontupd.o
    0x08012954   0x08012954   0x000002d4   Code   RO          862    .text               text.o
    0x08012c28   0x08012c28   0x000001cc   Code   RO          874    .text               pyinput.o
    0x08012df4   0x08012df4   0x00000002   Code   RO          899    .text               c_w.l(use_no_semi_2.o)
    0x08012df6   0x08012df6   0x00000048   Code   RO          901    .text               c_w.l(llsdiv.o)
    0x08012e3e   0x08012e3e   0x00000002   PAD
    0x08012e40   0x08012e40   0x00000018   Code   RO          905    .text               c_w.l(noretval__2printf.o)
    0x08012e58   0x08012e58   0x0000004e   Code   RO          909    .text               c_w.l(_printf_pad.o)
    0x08012ea6   0x08012ea6   0x00000052   Code   RO          911    .text               c_w.l(_printf_str.o)
    0x08012ef8   0x08012ef8   0x00000078   Code   RO          913    .text               c_w.l(_printf_dec.o)
    0x08012f70   0x08012f70   0x00000058   Code   RO          918    .text               c_w.l(_printf_hex_int.o)
    0x08012fc8   0x08012fc8   0x00000188   Code   RO          953    .text               c_w.l(__printf_flags_ss_wp.o)
    0x08013150   0x08013150   0x00000048   Code   RO          962    .text               c_w.l(strcpy.o)
    0x08013198   0x08013198   0x0000003e   Code   RO          964    .text               c_w.l(strlen.o)
    0x080131d6   0x080131d6   0x00000018   Code   RO          966    .text               c_w.l(strcat.o)
    0x080131ee   0x080131ee   0x0000008a   Code   RO          968    .text               c_w.l(rt_memcpy_v6.o)
    0x08013278   0x08013278   0x00000080   Code   RO          970    .text               c_w.l(strcmpv7m.o)
    0x080132f8   0x080132f8   0x00000006   Code   RO          972    .text               c_w.l(heapauxi.o)
    0x080132fe   0x080132fe   0x00000002   Code   RO         1036    .text               c_w.l(use_no_semi.o)
    0x08013300   0x08013300   0x000000ee   Code   RO         1039    .text               c_w.l(lludivv7m.o)
    0x080133ee   0x080133ee   0x00000016   Code   RO         1041    .text               c_w.l(_rserrno.o)
    0x08013404   0x08013404   0x000000b2   Code   RO         1043    .text               c_w.l(_printf_intcommon.o)
    0x080134b6   0x080134b6   0x0000002c   Code   RO         1045    .text               c_w.l(_printf_char.o)
    0x080134e2   0x080134e2   0x00000002   PAD
    0x080134e4   0x080134e4   0x00000024   Code   RO         1047    .text               c_w.l(_printf_char_file.o)
    0x08013508   0x08013508   0x00000064   Code   RO         1050    .text               c_w.l(rt_memcpy_w.o)
    0x0801356c   0x0801356c   0x00000008   Code   RO         1089    .text               c_w.l(rt_errno_addr_intlibspace.o)
    0x08013574   0x08013574   0x00000030   Code   RO         1091    .text               c_w.l(_printf_char_common.o)
    0x080135a4   0x080135a4   0x00000008   Code   RO         1093    .text               c_w.l(ferror.o)
    0x080135ac   0x080135ac   0x00000008   Code   RO         1097    .text               c_w.l(libspace.o)
    0x080135b4   0x080135b4   0x0000004a   Code   RO         1100    .text               c_w.l(sys_stackheap_outer.o)
    0x080135fe   0x080135fe   0x00000012   Code   RO         1106    .text               c_w.l(exit.o)
    0x08013610   0x08013610   0x0000000e   Code   RO          946    i._is_digit         c_w.l(__printf_wp.o)
    0x0801361e   0x0801361e   0x0000004c   Code   RO         1029    i.sqrt              m_ws.l(sqrt.o)
    0x0801366a   0x0801366a   0x00000002   PAD
    0x0801366c   0x0801366c   0x00000150   Code   RO          976    x$fpl$dadd          fz_ws.l(daddsub_clz.o)
    0x080137bc   0x080137bc   0x00000018   Code   RO         1052    x$fpl$dcmpinf       fz_ws.l(dcmpi.o)
    0x080137d4   0x080137d4   0x0000005a   Code   RO          982    x$fpl$dfixu         fz_ws.l(dfixu.o)
    0x0801382e   0x0801382e   0x0000002e   Code   RO          987    x$fpl$dflt          fz_ws.l(dflt_clz.o)
    0x0801385c   0x0801385c   0x00000026   Code   RO          986    x$fpl$dfltu         fz_ws.l(dflt_clz.o)
    0x08013882   0x08013882   0x00000002   PAD
    0x08013884   0x08013884   0x00000078   Code   RO          992    x$fpl$dleqf         fz_ws.l(dleqf.o)
    0x080138fc   0x080138fc   0x00000154   Code   RO          994    x$fpl$dmul          fz_ws.l(dmul.o)
    0x08013a50   0x08013a50   0x0000009c   Code   RO         1054    x$fpl$dnaninf       fz_ws.l(dnaninf.o)
    0x08013aec   0x08013aec   0x0000000c   Code   RO         1056    x$fpl$dretinf       fz_ws.l(dretinf.o)
    0x08013af8   0x08013af8   0x0000006c   Code   RO          996    x$fpl$drleqf        fz_ws.l(drleqf.o)
    0x08013b64   0x08013b64   0x00000016   Code   RO          977    x$fpl$drsb          fz_ws.l(daddsub_clz.o)
    0x08013b7a   0x08013b7a   0x00000002   PAD
    0x08013b7c   0x08013b7c   0x000001cc   Code   RO         1058    x$fpl$dsqrt         fz_ws.l(dsqrt_noumaal.o)
    0x08013d48   0x08013d48   0x000001d4   Code   RO          978    x$fpl$dsub          fz_ws.l(daddsub_clz.o)
    0x08013f1c   0x08013f1c   0x00000056   Code   RO          998    x$fpl$f2d           fz_ws.l(f2d.o)
    0x08013f72   0x08013f72   0x00000002   PAD
    0x08013f74   0x08013f74   0x000000c4   Code   RO         1000    x$fpl$fadd          fz_ws.l(faddsub_clz.o)
    0x08014038   0x08014038   0x00000018   Code   RO         1060    x$fpl$fcmpinf       fz_ws.l(fcmpi.o)
    0x08014050   0x08014050   0x00000184   Code   RO         1007    x$fpl$fdiv          fz_ws.l(fdiv.o)
    0x080141d4   0x080141d4   0x00000068   Code   RO         1010    x$fpl$feqf          fz_ws.l(feqf.o)
    0x0801423c   0x0801423c   0x00000036   Code   RO         1012    x$fpl$ffix          fz_ws.l(ffix.o)
    0x08014272   0x08014272   0x00000002   PAD
    0x08014274   0x08014274   0x0000003e   Code   RO         1016    x$fpl$ffixu         fz_ws.l(ffixu.o)
    0x080142b2   0x080142b2   0x00000002   PAD
    0x080142b4   0x080142b4   0x00000030   Code   RO         1021    x$fpl$fflt          fz_ws.l(fflt_clz.o)
    0x080142e4   0x080142e4   0x00000026   Code   RO         1020    x$fpl$ffltu         fz_ws.l(fflt_clz.o)
    0x0801430a   0x0801430a   0x00000002   PAD
    0x0801430c   0x0801430c   0x00000102   Code   RO         1026    x$fpl$fmul          fz_ws.l(fmul.o)
    0x0801440e   0x0801440e   0x0000008c   Code   RO         1062    x$fpl$fnaninf       fz_ws.l(fnaninf.o)
    0x0801449a   0x0801449a   0x0000000a   Code   RO         1064    x$fpl$fretinf       fz_ws.l(fretinf.o)
    0x080144a4   0x080144a4   0x000000ea   Code   RO         1002    x$fpl$fsub          fz_ws.l(faddsub_clz.o)
    0x0801458e   0x0801458e   0x00000000   Code   RO         1066    x$fpl$usenofp       fz_ws.l(usenofp.o)
    0x0801458e   0x0801458e   0x000017c0   Data   RO          281    .constdata          lcd.o
    0x08015d4e   0x08015d4e   0x0000000a   Data   RO          415    .constdata          ft5206.o
    0x08015d58   0x08015d58   0x000000c2   Data   RO          431    .constdata          gt9147.o
    0x08015e1a   0x08015e1a   0x0000000a   Data   RO          447    .constdata          ott2001a.o
    0x08015e24   0x08015e24   0x00000004   Data   RO          463    .constdata          touch.o
    0x08015e28   0x08015e28   0x00000018   Data   RO          687    .constdata          malloc.o
    0x08015e40   0x08015e40   0x0000003a   Data   RO          724    .constdata          ff.o
    0x08015e7a   0x08015e7a   0x00000002   PAD
    0x08015e7c   0x08015e7c   0x00000138   Data   RO          746    .constdata          exfuns.o
    0x08015fb4   0x08015fb4   0x000003c0   Data   RO          785    .constdata          mycc936.o
    0x08016374   0x08016374   0x00000010   Data   RO          840    .constdata          fontupd.o
    0x08016384   0x08016384   0x00004c4c   Data   RO          875    .constdata          pyinput.o
    0x0801afd0   0x0801afd0   0x00000028   Data   RO          919    .constdata          c_w.l(_printf_hex_int.o)
    0x0801aff8   0x0801aff8   0x00000011   Data   RO          954    .constdata          c_w.l(__printf_flags_ss_wp.o)
    0x0801b009   0x0801b009   0x00000003   PAD
    0x0801b00c   0x0801b00c   0x00000153   Data   RO            2    .conststring        main.o
    0x0801b15f   0x0801b15f   0x00000001   PAD
    0x0801b160   0x0801b160   0x00000079   Data   RO          464    .conststring        touch.o
    0x0801b1d9   0x0801b1d9   0x00000003   PAD
    0x0801b1dc   0x0801b1dc   0x00000060   Data   RO          747    .conststring        exfuns.o
    0x0801b23c   0x0801b23c   0x00000028   Data   RO          798    .conststring        usmart.o
    0x0801b264   0x0801b264   0x00000057   Data   RO          813    .conststring        usmart_config.o
    0x0801b2bb   0x0801b2bb   0x00000001   PAD
    0x0801b2bc   0x0801b2bc   0x0000005f   Data   RO          841    .conststring        fontupd.o
    0x0801b31b   0x0801b31b   0x00000001   PAD
    0x0801b31c   0x0801b31c   0x00000d01   Data   RO          876    .conststring        pyinput.o
    0x0801c01d   0x0801c01d   0x00000003   PAD
    0x0801c020   0x0801c020   0x00000020   Data   RO         1240    Region$$Table       anon$$obj.o


    Execution Region RW_IRAM1 (Exec base: 0x20000000, Load base: 0x0801c040, Size: 0x0000d2e8, Max: 0x00010000, ABSOLUTE, COMPRESSED[0x00000204])

    Exec Addr    Load Addr    Size         Type   Attr      Idx    E Section Name        Object

    0x20000000   COMPRESSED   0x00000c60   Data   RW            3    .data               main.o
    0x20000c60   COMPRESSED   0x00000014   Data   RW          237    .data               system_stm32f10x.o
    0x20000c74   COMPRESSED   0x00000001   Data   RW          267    .data               key.o
    0x20000c75   COMPRESSED   0x00000001   PAD
    0x20000c76   COMPRESSED   0x00000004   Data   RW          282    .data               lcd.o
    0x20000c7a   COMPRESSED   0x00000002   Data   RW          326    .data               w25qxx.o
    0x20000c7c   COMPRESSED   0x00000010   Data   RW          345    .data               sdio_sdcard.o
    0x20000c8c   COMPRESSED   0x00000001   Data   RW          416    .data               ft5206.o
    0x20000c8d   COMPRESSED   0x00000001   Data   RW          432    .data               gt9147.o
    0x20000c8e   COMPRESSED   0x00000001   Data   RW          448    .data               ott2001a.o
    0x20000c8f   COMPRESSED   0x00000001   PAD
    0x20000c90   COMPRESSED   0x0000003c   Data   RW          465    .data               touch.o
    0x20000ccc   COMPRESSED   0x00000024   Data   RW          487    .data               timer.o
    0x20000cf0   COMPRESSED   0x00000004   Data   RW          503    .data               delay.o
    0x20000cf4   COMPRESSED   0x00000006   Data   RW          535    .data               usart.o
    0x20000cfa   COMPRESSED   0x00000014   Data   RW          610    .data               stm32f10x_rcc.o
    0x20000d0e   COMPRESSED   0x00000002   PAD
    0x20000d10   COMPRESSED   0x0000001c   Data   RW          688    .data               malloc.o
    0x20000d2c   COMPRESSED   0x00000002   Data   RW          706    .data               diskio.o
    0x20000d2e   COMPRESSED   0x00000002   PAD
    0x20000d30   COMPRESSED   0x0000000a   Data   RW          725    .data               ff.o
    0x20000d3a   COMPRESSED   0x00000002   PAD
    0x20000d3c   COMPRESSED   0x0000001c   Data   RW          748    .data               exfuns.o
    0x20000d58   COMPRESSED   0x0000001c   Data   RW          799    .data               usmart.o
    0x20000d74   COMPRESSED   0x0000010c   Data   RW          814    .data               usmart_config.o
    0x20000e80   COMPRESSED   0x0000002c   Data   RW          877    .data               pyinput.o
    0x20000eac        -       0x0000000e   Zero   RW          280    .bss                lcd.o
    0x20000eba        -       0x00001000   Zero   RW          325    .bss                w25qxx.o
    0x20001eba   COMPRESSED   0x00000006   PAD
    0x20001ec0        -       0x000002c0   Zero   RW          344    .bss                sdio_sdcard.o
    0x20002180        -       0x000000c8   Zero   RW          534    .bss                usart.o
    0x20002248   COMPRESSED   0x00000018   PAD
    0x20002260        -       0x0000aa00   Zero   RW          686    .bss                malloc.o
    0x2000cc60        -       0x00000021   Zero   RW          839    .bss                fontupd.o
    0x2000cc81   COMPRESSED   0x00000003   PAD
    0x2000cc84        -       0x00000060   Zero   RW         1098    .bss                c_w.l(libspace.o)
    0x2000cce4   COMPRESSED   0x00000004   PAD
    0x2000cce8        -       0x00000200   Zero   RW          567    HEAP                startup_stm32f10x_hd.o
    0x2000cee8        -       0x00000400   Zero   RW          566    STACK               startup_stm32f10x_hd.o



  Load Region LR$$.ARM.__AT_0x68000000 (Base: 0x68000000, Size: 0x00000000, Max: 0x000f0000, ABSOLUTE)

    Execution Region ER$$.ARM.__AT_0x68000000 (Exec base: 0x68000000, Load base: 0x68000000, Size: 0x000f0000, Max: 0x000f0000, ABSOLUTE, UNINIT)

    Exec Addr    Load Addr    Size         Type   Attr      Idx    E Section Name        Object

    0x68000000        -       0x000f0000   Zero   RW          684    .ARM.__AT_0x68000000  malloc.o



  Load Region LR$$.ARM.__AT_0x680F0000 (Base: 0x680f0000, Size: 0x00000000, Max: 0x0000f000, ABSOLUTE)

    Execution Region ER$$.ARM.__AT_0x680F0000 (Exec base: 0x680f0000, Load base: 0x680f0000, Size: 0x0000f000, Max: 0x0000f000, ABSOLUTE, UNINIT)

    Exec Addr    Load Addr    Size         Type   Attr      Idx    E Section Name        Object

    0x680f0000        -       0x0000f000   Zero   RW          685    .ARM.__AT_0x680F0000  malloc.o


==============================================================================

Image component sizes


      Code (inc. data)   RO Data    RW Data    ZI Data      Debug   Object Name

       378          0          0          0          0       2786   24cxx.o
       644         24          0          0          0       2045   ctiic.o
       212         18          0          4          0       1027   delay.o
       512          8          0          2          0       4286   diskio.o
       424         22        408         28          0       2724   exfuns.o
     13028        144         58         10          0      38134   ff.o
      1488        158        111          0         33       4188   fontupd.o
       824         38         10          1          0       2515   ft5206.o
      1112         74        194          1          0       3046   gt9147.o
       252         12          0          1          0        832   key.o
     19036        162       6080          4         14      22214   lcd.o
        76          8          0          0          0        487   led.o
      7104        554        339       3168          0     292378   main.o
       556         18         24         28    1088000       4656   malloc.o
       220         22          0          0          0       1785   misc.o
       204         12        960          0          0       1593   mycc936.o
       620         14          0          0          0       1876   myiic.o
       876         56         10          1          0       2683   ott2001a.o
       460        144      22861         44          0      21854   pyinput.o
      7212        256          0         16        704      24688   sdio_sdcard.o
       264         10          0          0          0       1113   spi.o
        64         26        304          0       1536        784   startup_stm32f10x_hd.o
       596          8          0          0          0       4346   stm32f10x_dma.o
      1548         18          0          0          0       5359   stm32f10x_fsmc.o
       860         38          0          0          0       5717   stm32f10x_gpio.o
        26          0          0          0          0       1170   stm32f10x_it.o
       932         36          0         20          0       8884   stm32f10x_rcc.o
       468         22          0          0          0       7104   stm32f10x_sdio.o
       780         14          0          0          0       6598   stm32f10x_spi.o
      3610         88          0          0          0      22824   stm32f10x_tim.o
      1032         22          0          0          0       8440   stm32f10x_usart.o
        12          0          0          0          0        611   sys.o
       480         38          0         20          0       1715   system_stm32f10x.o
       724         16          0          0          0       3100   text.o
       432         52          0         36          0       1285   timer.o
      4032        226        125         60          0       6906   touch.o
       320         16          0          6        200       3150   usart.o
      3128       1288         40         28          0       4350   usmart.o
         0          0         87        268          0       1484   usmart_config.o
      1320         12          0          0          0       5209   usmart_str.o
       872         30          0          2       4096       4453   w25qxx.o

    ----------------------------------------------------------------------
     76744       3704      31654       3756    1094616     540399   Object Totals
         0          0         32          0          0          0   (incl. Generated)
         6          0         11          8         33          0   (incl. Padding)

    ----------------------------------------------------------------------

      Code (inc. data)   RO Data    RW Data    ZI Data      Debug   Library Member Name

        90          0          0          0          0          0   __dczerorl2.o
         8          0          0          0          0         68   __main.o
       392          4         17          0          0         92   __printf_flags_ss_wp.o
        14          0          0          0          0         68   __printf_wp.o
         0          0          0          0          0          0   __rtentry.o
        12          0          0          0          0          0   __rtentry2.o
         6          0          0          0          0          0   __rtentry4.o
        52          8          0          0          0          0   __scatter.o
        28          0          0          0          0          0   __scatter_zi.o
         6          0          0          0          0          0   _printf_c.o
        44          0          0          0          0        108   _printf_char.o
        48          6          0          0          0         96   _printf_char_common.o
        36          4          0          0          0         80   _printf_char_file.o
         6          0          0          0          0          0   _printf_d.o
       120         16          0          0          0         92   _printf_dec.o
        88          4         40          0          0         88   _printf_hex_int.o
       178          0          0          0          0         88   _printf_intcommon.o
        78          0          0          0          0        108   _printf_pad.o
         0          0          0          0          0          0   _printf_percent.o
         4          0          0          0          0          0   _printf_percent_end.o
         6          0          0          0          0          0   _printf_s.o
        82          0          0          0          0         80   _printf_str.o
         6          0          0          0          0          0   _printf_u.o
         6          0          0          0          0          0   _printf_x.o
        22          0          0          0          0        100   _rserrno.o
        18          0          0          0          0         80   exit.o
         8          0          0          0          0         68   ferror.o
         6          0          0          0          0        152   heapauxi.o
         2          0          0          0          0          0   libinit.o
         2          0          0          0          0          0   libinit2.o
         2          0          0          0          0          0   libshutdown.o
         2          0          0          0          0          0   libshutdown2.o
         8          4          0          0         96         68   libspace.o
        72          0          0          0          0         76   llsdiv.o
       238          0          0          0          0        100   lludivv7m.o
        24          4          0          0          0         84   noretval__2printf.o
         8          4          0          0          0         68   rt_errno_addr_intlibspace.o
       138          0          0          0          0         68   rt_memcpy_v6.o
       100          0          0          0          0         80   rt_memcpy_w.o
         2          0          0          0          0          0   rtexit.o
        10          0          0          0          0          0   rtexit2.o
        24          0          0          0          0         68   strcat.o
       128          0          0          0          0         68   strcmpv7m.o
        72          0          0          0          0         80   strcpy.o
        62          0          0          0          0         76   strlen.o
        74          0          0          0          0         80   sys_stackheap_outer.o
         2          0          0          0          0         68   use_no_semi.o
         2          0          0          0          0         68   use_no_semi_2.o
       826         16          0          0          0        348   daddsub_clz.o
        24          0          0          0          0         68   dcmpi.o
        90          4          0          0          0         92   dfixu.o
        84          0          0          0          0        136   dflt_clz.o
       120          4          0          0          0         92   dleqf.o
       340         12          0          0          0        104   dmul.o
       156          4          0          0          0         92   dnaninf.o
        12          0          0          0          0         68   dretinf.o
       108          0          0          0          0         80   drleqf.o
       460         56          0          0          0        120   dsqrt_noumaal.o
        86          4          0          0          0         84   f2d.o
       430          8          0          0          0        168   faddsub_clz.o
        24          0          0          0          0         68   fcmpi.o
       388         76          0          0          0         96   fdiv.o
       104          4          0          0          0         84   feqf.o
        54          4          0          0          0         84   ffix.o
        62          4          0          0          0         84   ffixu.o
        86          0          0          0          0        136   fflt_clz.o
       258          4          0          0          0         84   fmul.o
       140          4          0          0          0         84   fnaninf.o
        10          0          0          0          0         68   fretinf.o
         0          0          0          0          0          0   usenofp.o
        76          0          0          0          0         84   sqrt.o

    ----------------------------------------------------------------------
      6294        258         60          0        100       4744   Library Totals
        20          0          3          0          4          0   (incl. Padding)

    ----------------------------------------------------------------------

      Code (inc. data)   RO Data    RW Data    ZI Data      Debug   Library Name

      2336         54         57          0         96       2420   c_w.l
      3862        204          0          0          0       2240   fz_ws.l
        76          0          0          0          0         84   m_ws.l

    ----------------------------------------------------------------------
      6294        258         60          0        100       4744   Library Totals

    ----------------------------------------------------------------------

==============================================================================


      Code (inc. data)   RO Data    RW Data    ZI Data      Debug   

     83038       3962      31714       3756    1094716     539107   Grand Totals
     83038       3962      31714        516    1094716     539107   ELF Image Totals (compressed)
     83038       3962      31714        516          0          0   ROM Totals

==============================================================================

    Total RO  Size (Code + RO Data)               114752 ( 112.06kB)
    Total RW  Size (RW Data + ZI Data)           1098472 (1072.73kB)
    Total ROM Size (Code + RO Data + RW Data)     115268 ( 112.57kB)

==============================================================================

